45.84.89.2 - - [02/Nov/2024:00:15:26 +0000] "GET / HTTP/1.1" 200 612 "-" "Mozilla/6.0 (Windows NT 10.0; Win64; x64) AppleWebKit/537.36 (KHTML, like Gecko) Chrome/127.0.0.0 Safari/537.36 Inspici (www.inspici.com)"
178.215.236.240 - - [02/Nov/2024:00:15:48 +0000] "GET /.git/config HTTP/1.1" 404 134 "-" "Opera/9.64 (Macintosh; PPC Mac OS X; U; en) Presto/2.1.1"
143.110.222.166 - - [02/Nov/2024:00:16:13 +0000] "GET / HTTP/1.1" 200 396 "-" "Mozilla/5.0 (iPhone; CPU iPhone OS 16_1 like Mac OS X) AppleWebKit/605.1.15 (KHTML, like Gecko) Version/16.1 Mobile/15E148 Safari/604.1"
178.215.238.68 - - [02/Nov/2024:00:34:11 +0000] "GET /login.rsp HTTP/1.1" 404 162 "-" "Hello World"
185.224.128.47 - - [02/Nov/2024:00:39:23 +0000] "GET / HTTP/1.1" 200 612 "-" "Mozilla/5.0 (Macintosh; Intel Mac OS X 10_15_7) AppleWebKit/537.36 (KHTML, like Gecko) Chrome/128.0.0.0 Safari/537.36"
179.43.191.98 - - [02/Nov/2024:00:39:32 +0000] "GET / HTTP/1.1" 200 612 "-" "-"
92.255.57.58 - - [02/Nov/2024:00:40:57 +0000] "\x16\x03\x01\x05\xA8\x01\x00\x05\xA4\x03\x03\xA6\x12\x1A\xADDl?\x80QV+\x7F-\xE7\xC9mr\x08u\xD8D\xCEo\xA3\xDFf\x99S\xDA\xBC\x94( \x91\xB6\xAA\xDC9\x5CD*6lU\xD6+\xA5S\xEFL\x07R\xD9\xEE\xDD/P\xFAH\xB6$\xE3\xBB\xA4\xC7\x00\x1A\xC0+\xC0/\xC0,\xC00\xCC\xA9\xCC\xA8\xC0\x09\xC0\x13\xC0" 400 166 "-" "-"
178.159.37.59 - - [02/Nov/2024:00:49:50 +0000] "GET /.env HTTP/1.1" 404 197 "-" "Mozilla/5.0 (Macintosh; Intel Mac OS X 10_15_7) AppleWebKit/537.36 (KHTML, like Gecko) Chrome/129.0.0.0 Safari/537.36"
87.120.115.119 - - [02/Nov/2024:00:51:40 +0000] "GET /_profiler/phpinfo HTTP/1.1" 404 197 "-" "Mozilla/5.0 (Windows NT 10.0; WOW64) AppleWebKit/537.36 (KHTML, like Gecko) Chrome/76.0.3809.100 Safari/537.36"
157.230.225.34 - - [02/Nov/2024:00:52:46 +0000] "GET / HTTP/1.1" 200 612 "-" "Mozilla/5.0 (Windows NT 10.0; Win64; x64; rv:109.0) Gecko/20100101 Firefox/118.0"
143.110.222.166 - - [02/Nov/2024:01:11:09 +0000] "GET / HTTP/1.1" 200 396 "-" "Mozilla/5.0 (iPhone; CPU iPhone OS 16_1 like Mac OS X) AppleWebKit/605.1.15 (KHTML, like Gecko) Version/16.1 Mobile/15E148 Safari/604.1"
172.169.205.153 - - [02/Nov/2024:01:17:20 +0000] "GET /manager/text/list HTTP/1.1" 404 134 "-" "Mozilla/5.0 zgrab/0.x"
167.94.145.109 - - [02/Nov/2024:01:18:23 +0000] "GET / HTTP/1.1" 200 612 "-" "-"
167.94.145.109 - - [02/Nov/2024:01:18:27 +0000] "GET / HTTP/1.1" 200 396 "-" "Mozilla/5.0 (compatible; CensysInspect/1.1; +https://about.censys.io/)"
167.94.145.109 - - [02/Nov/2024:01:18:27 +0000] "GET /favicon.ico HTTP/1.1" 404 134 "-" "Mozilla/5.0 (compatible; CensysInspect/1.1; +https://about.censys.io/)"
167.94.145.109 - - [02/Nov/2024:01:18:28 +0000] "PRI * HTTP/2.0" 400 166 "-" "-"
95.214.53.91 - - [02/Nov/2024:01:32:34 +0000] "GET / HTTP/1.1" 200 396 "-" "Mozilla/5.0 (Windows NT 10.0; Win64; x64) AppleWebKit/537.36 (KHTML, like Gecko) Chrome/90.0.4430.85 Safari/537.36 Edg/90.0.818.46"
117.235.67.217 - - [02/Nov/2024:01:40:07 +0000] "GET / HTTP/1.1" 200 612 "-" "Mozilla/5.0 (Windows NT 10.0; WOW64) AppleWebKit/537.36 (KHTML, like Gecko) Chrome/52.0.2743.116 Safari/537.36"
141.98.11.79 - - [02/Nov/2024:02:05:04 +0000] "GET / HTTP/1.1" 200 396 "-" "Mozilla/5.0 (Windows NT 10.0; Win64; x64) AppleWebKit/537.36 (KHTML, like Gecko) Chrome/90.0.4430.85 Safari/537.36 Edg/90.0.818.46"
143.110.222.166 - - [02/Nov/2024:02:08:47 +0000] "GET / HTTP/1.1" 200 396 "-" "Mozilla/5.0 (iPhone; CPU iPhone OS 16_1 like Mac OS X) AppleWebKit/605.1.15 (KHTML, like Gecko) Version/16.1 Mobile/15E148 Safari/604.1"
198.44.237.39 - - [02/Nov/2024:02:16:01 +0000] "\x16\x03\x01\x00\xEE\x01\x00\x00\xEA\x03\x03\xF1\xFD\xEE\x87\x84\xEA\xE5\xA0O\xA0\xFF\xE32\xFB\x87\x19c%^R\x85\x9A\xDDw\xBC\x11z\xDE\x0Fn\x9DW \x82\xF0\x01f\x7F\x81\x86s}\xD0\x15\xDC#\x92\x8E\xDA\x9F\x1C\xE8\xA0\xFB0\xDB\xF2\xC4\xE3)w\xB6J\xDB\xCC\x00&\xC0+\xC0/\xC0,\xC00\xCC\xA9\xCC\xA8\xC0\x09\xC0\x13\xC0" 400 166 "-" "-"
198.44.237.39 - - [02/Nov/2024:02:16:01 +0000] "GET / HTTP/1.1" 200 396 "-" "Mozilla/5.0 (Windows NT 10.0; WOW64) AppleWebKit/537.36 (KHTML, like Gecko) Chrome/71.0.3578.98 Safari/537.36"
93.174.93.12 - - [02/Nov/2024:02:22:34 +0000] "\x16\x03\x02\x01o\x01\x00\x01k\x03\x02RH\xC5\x1A#\xF7:N\xDF\xE2\xB4\x82/\xFF\x09T\x9F\xA7\xC4y\xB0h\xC6\x13\x8C\xA4\x1C=\x22\xE1\x1A\x98 \x84\xB4,\x85\xAFn\xE3Y\xBBbhl\xFF(=':\xA9\x82\xD9o\xC8\xA2\xD7\x93\x98\xB4\xEF\x80\xE5\xB9\x90\x00(\xC0" 400 166 "-" "-"
176.240.200.126 - - [02/Nov/2024:02:26:44 +0000] "HEAD / HTTP/1.1" 200 0 "-" "curl/7.81.0"
179.43.191.98 - - [02/Nov/2024:02:30:28 +0000] "GET / HTTP/1.1" 200 612 "-" "-"
178.159.37.59 - - [02/Nov/2024:02:35:43 +0000] "GET /.gitlab-ci.yml HTTP/1.1" 404 197 "-" "Mozilla/5.0 (Macintosh; Intel Mac OS X 10_15_7) AppleWebKit/537.36 (KHTML, like Gecko) Chrome/129.0.0.0 Safari/537.36"
13.91.164.9 - - [02/Nov/2024:02:59:45 +0000] "GET / HTTP/1.1" 200 396 "-" "Mozilla/5.0 zgrab/0.x"
198.44.237.38 - - [02/Nov/2024:03:05:27 +0000] "\x16\x03\x01\x00\xEE\x01\x00\x00\xEA\x03\x03\x18\xEBN\xF5\x96\xD0\x8De\x0E\xBF/\xEE\xB2\x97`j0\xA0\x7F\xCE\xBD7\xC5yq1\xFC\x87\xE8\x96\x1B\x8C 5\xD5\xD1n\x8E`>7DQ\x0FC\xFD5\xF4\x09\xCA\x1F\x22G\x0F\xDB\x82h\x02\xC67\xD0C!\xD7\xE9\x00&\xC0+\xC0/\xC0,\xC00\xCC\xA9\xCC\xA8\xC0\x09\xC0\x13\xC0" 400 166 "-" "-"
198.44.237.38 - - [02/Nov/2024:03:05:27 +0000] "GET / HTTP/1.1" 200 396 "-" "Mozilla/5.0 (Windows NT 10.0; WOW64) AppleWebKit/537.36 (KHTML, like Gecko) Chrome/71.0.3578.98 Safari/537.36"
143.110.222.166 - - [02/Nov/2024:03:05:42 +0000] "GET / HTTP/1.1" 200 396 "-" "Mozilla/5.0 (iPhone; CPU iPhone OS 16_1 like Mac OS X) AppleWebKit/605.1.15 (KHTML, like Gecko) Version/16.1 Mobile/15E148 Safari/604.1"
95.214.55.79 - - [02/Nov/2024:03:10:12 +0000] "GET / HTTP/1.1" 200 396 "-" "Mozilla/5.0 (Windows NT 10.0; Win64; x64) AppleWebKit/537.36 (KHTML, like Gecko) Chrome/90.0.4430.85 Safari/537.36 Edg/90.0.818.46"
45.79.181.179 - - [02/Nov/2024:03:47:09 +0000] "\x16\x03\x01\x00\xEE\x01\x00\x00\xEA\x03\x03#x\x8B\xEA\xCF]u\x16\x9A\xF2\xDF\x84\xC5jle\xC8$\xCD\x94\x95h\x1F\x10\xAD\xA4\xD2\xCFN\xF8\xD1\xF4 \xD7Z\xE0\xCBpXh\xAA\xAF\xD2\xF4\xB7`g'?\xB3\xD4\x9B\xD2\x87\x98\x99\xDB\x19SF\x04\x97?\xF9<\x00&\xC0+\xC0/\xC0,\xC00\xCC\xA9\xCC\xA8\xC0\x09\xC0\x13\xC0" 400 166 "-" "-"
143.110.222.166 - - [02/Nov/2024:04:02:16 +0000] "GET / HTTP/1.1" 200 396 "-" "Mozilla/5.0 (iPhone; CPU iPhone OS 16_1 like Mac OS X) AppleWebKit/605.1.15 (KHTML, like Gecko) Version/16.1 Mobile/15E148 Safari/604.1"
175.107.1.56 - - [02/Nov/2024:04:08:57 +0000] "GET /boaform/admin/formLogin?username=user&psd=user HTTP/1.0" 404 162 "-" "-"
198.235.24.174 - - [02/Nov/2024:04:25:25 +0000] "\x16\x03\x01\x00\xCA\x01\x00\x00\xC6\x03\x03p\xD9\xE7`!Q\x1E\x04M^O\xF3(\xA4\x0C|\xB9\xF6\x8E\x7F\x91M\x01N\xD3\xF7\x15\x96e\xE5\x13U\x00\x00h\xCC\x14\xCC\x13\xC0/\xC0+\xC00\xC0,\xC0\x11\xC0\x07\xC0'\xC0#\xC0\x13\xC0\x09\xC0(\xC0$\xC0\x14\xC0" 400 166 "-" "-"
198.235.24.174 - - [02/Nov/2024:04:25:25 +0000] "\x16\x03\x01\x00\xEE\x01\x00\x00\xEA\x03\x03\xAB}\xE9\xD11\xCA\xCB\x87\xBE\xF3p\xF8a]\x9E\xF9\xE4G\x14\xD6\xCEk\xF5\xC9\xEB\xDB\xE1\x03\xF2%\x06\x8A \x1E\xF6 }\x90|\xDB\x1F\x154c\x228&\x8C\xD58\xF3\x7F\xDD\xBE\xB0\xCD\x0F,\x82s\x9D\xF1wX\x9E\x00&\xC0+\xC0/\xC0,\xC00\xCC\xA9\xCC\xA8\xC0\x09\xC0\x13\xC0" 400 166 "-" "-"
114.41.85.205 - - [02/Nov/2024:04:34:51 +0000] "GET / HTTP/1.0" 200 612 "-" "Mozilla/5.0 (Linux; U; Android 4.0.3; ko-kr; LG-L160L Build/IML74K) AppleWebkit/534.30 (KHTML, like Gecko) Version/4.0 Mobile Safari/534.30"
143.110.222.166 - - [02/Nov/2024:05:13:58 +0000] "GET / HTTP/1.1" 200 396 "-" "Mozilla/5.0 (iPhone; CPU iPhone OS 16_1 like Mac OS X) AppleWebKit/605.1.15 (KHTML, like Gecko) Version/16.1 Mobile/15E148 Safari/604.1"
198.44.237.38 - - [02/Nov/2024:05:15:41 +0000] "\x16\x03\x01\x00\xEE\x01\x00\x00\xEA\x03\x03\xC1\x96\x07\xC6" 400 166 "-" "-"
198.44.237.38 - - [02/Nov/2024:05:15:41 +0000] "GET / HTTP/1.1" 200 396 "-" "Mozilla/5.0 (Windows NT 10.0; WOW64) AppleWebKit/537.36 (KHTML, like Gecko) Chrome/71.0.3578.98 Safari/537.36"
80.82.77.202 - - [02/Nov/2024:05:17:06 +0000] "GET / HTTP/1.0" 200 612 "-" "Mozilla/5.0 (iPhone; U; CPU iPhone OS 4_2_1 like Mac OS X; da-dk) AppleWebKit/533.17.9 (KHTML, like Gecko) Version/5.0.2 Mobile/8C148 Safari/6533.18.5"
104.152.52.241 - - [02/Nov/2024:05:23:51 +0000] "GET / HTTP/1.0" 200 612 "-" "masscan/1.3 (https://github.com/robertdavidgraham/masscan)"
143.110.222.166 - - [02/Nov/2024:05:58:20 +0000] "GET / HTTP/1.1" 200 396 "-" "Mozilla/5.0 (iPhone; CPU iPhone OS 16_1 like Mac OS X) AppleWebKit/605.1.15 (KHTML, like Gecko) Version/16.1 Mobile/15E148 Safari/604.1"
122.116.116.253 - - [02/Nov/2024:06:02:17 +0000] "GET / HTTP/1.0" 200 612 "-" "Mozilla/5.0 (Linux; U; Android 4.0.3; ko-kr; LG-L160L Build/IML74K) AppleWebkit/534.30 (KHTML, like Gecko) Version/4.0 Mobile Safari/534.30"
5.8.11.202 - - [02/Nov/2024:06:03:57 +0000] "GET / HTTP/1.0" 200 612 "-" "Mozilla/5.0 (X11; Linux i686) AppleWebKit/537.36 (KHTML, like Gecko) Ubuntu Chromium/60.0.3112.78 Chrome/60.0.3112.78 Safari/537.36"
216.73.161.108 - - [02/Nov/2024:06:10:37 +0000] "GET /.env HTTP/1.1" 404 197 "-" "Mozilla/5.0 (X11; Linux x86_64) AppleWebKit/537.36 (KHTML, like Gecko) Chrome/81.0.4044.129 Safari/537.36"
216.73.161.100 - - [02/Nov/2024:06:10:37 +0000] "POST / HTTP/1.1" 405 568 "-" "Mozilla/5.0 (X11; Linux x86_64) AppleWebKit/537.36 (KHTML, like Gecko) Chrome/81.0.4044.129 Safari/537.36"
216.73.161.99 - - [02/Nov/2024:06:10:38 +0000] "GET /sendgrid/.env HTTP/1.1" 404 197 "-" "Mozilla/5.0 (X11; Linux x86_64) AppleWebKit/537.36 (KHTML, like Gecko) Chrome/81.0.4044.129 Safari/537.36"
216.73.161.101 - - [02/Nov/2024:06:10:38 +0000] "POST / HTTP/1.1" 405 568 "-" "Mozilla/5.0 (X11; Linux x86_64) AppleWebKit/537.36 (KHTML, like Gecko) Chrome/81.0.4044.129 Safari/537.36"
185.191.126.248 - - [02/Nov/2024:06:15:42 +0000] "GET / HTTP/1.1" 200 612 "-" "-"
46.174.191.31 - - [02/Nov/2024:06:26:49 +0000] "GET / HTTP/1.0" 200 612 "-" "Mozilla/5.0 (Windows NT 6.1; WOW64; Trident/7.0; AS; rv:11.0) like Gecko"
23.94.41.179 - - [02/Nov/2024:06:31:47 +0000] "GET http://ifconfig.me/all.json HTTP/1.1" 404 134 "-" "Go-http-client/1.1"
198.12.108.96 - - [02/Nov/2024:06:31:58 +0000] "GET http://ifconfig.me/all.json HTTP/1.1" 404 134 "-" "Go-http-client/1.1"
141.98.11.79 - - [02/Nov/2024:06:34:34 +0000] "GET / HTTP/1.1" 200 612 "-" "-"
148.153.45.238 - - [02/Nov/2024:06:52:23 +0000] "GET /DemF HTTP/1.1" 404 134 "-" "Mozilla/5.0 (Macintosh; Intel Mac OS X 10.9; rv:32.0) Gecko/20100101 Firefox/32.0"
148.153.45.238 - - [02/Nov/2024:06:52:23 +0000] "GET /NJKz HTTP/1.1" 404 134 "-" "Mozilla/5.0 (Macintosh; Intel Mac OS X 10.9; rv:32.0) Gecko/20100101 Firefox/32.0"
148.153.45.238 - - [02/Nov/2024:06:52:23 +0000] "GET /aab8 HTTP/1.1" 404 134 "-" "Mozilla/5.0 (Macintosh; Intel Mac OS X 10.9; rv:32.0) Gecko/20100101 Firefox/32.0"
148.153.45.238 - - [02/Nov/2024:06:52:23 +0000] "GET /jquery-3.3.1.slim.min.js HTTP/1.1" 404 134 "-" "Mozilla/5.0 (Macintosh; Intel Mac OS X 10.9; rv:32.0) Gecko/20100101 Firefox/32.0"
148.153.45.238 - - [02/Nov/2024:06:52:23 +0000] "GET /aab9 HTTP/1.1" 404 134 "-" "Mozilla/5.0 (Macintosh; Intel Mac OS X 10.9; rv:32.0) Gecko/20100101 Firefox/32.0"
148.153.45.238 - - [02/Nov/2024:06:52:23 +0000] "GET /jquery-3.3.2.slim.min.js HTTP/1.1" 404 134 "-" "Mozilla/5.0 (Macintosh; Intel Mac OS X 10.9; rv:32.0) Gecko/20100101 Firefox/32.0"
185.224.128.47 - - [02/Nov/2024:07:07:59 +0000] "GET / HTTP/1.1" 200 612 "-" "Mozilla/5.0 (Macintosh; Intel Mac OS X 10_15_7) AppleWebKit/537.36 (KHTML, like Gecko) Chrome/128.0.0.0 Safari/537.36"
143.110.222.166 - - [02/Nov/2024:07:13:03 +0000] "GET / HTTP/1.1" 200 396 "-" "Mozilla/5.0 (iPhone; CPU iPhone OS 16_1 like Mac OS X) AppleWebKit/605.1.15 (KHTML, like Gecko) Version/16.1 Mobile/15E148 Safari/604.1"
5.8.11.202 - - [02/Nov/2024:07:25:19 +0000] "\x16\x03\x02\x01o\x01\x00\x01k\x03\x02RH\xC5\x1A#\xF7:N\xDF\xE2\xB4\x82/\xFF\x09T\x9F\xA7\xC4y\xB0h\xC6\x13\x8C\xA4\x1C=\x22\xE1\x1A\x98 \x84\xB4,\x85\xAFn\xE3Y\xBBbhl\xFF(=':\xA9\x82\xD9o\xC8\xA2\xD7\x93\x98\xB4\xEF\x80\xE5\xB9\x90\x00(\xC0" 400 166 "-" "-"
180.149.125.166 - - [02/Nov/2024:07:30:44 +0000] "GET /c/ HTTP/1.1" 404 197 "-" "Mozilla/5.0 (Windows NT 5.1; Win64; x64) AppleWebKit/537.36 (KHTML, like Gecko) Chrome/60.0.3112.90 Safari/537.36"
143.110.222.166 - - [02/Nov/2024:08:10:59 +0000] "GET / HTTP/1.1" 200 396 "-" "Mozilla/5.0 (iPhone; CPU iPhone OS 16_1 like Mac OS X) AppleWebKit/605.1.15 (KHTML, like Gecko) Version/16.1 Mobile/15E148 Safari/604.1"
147.185.132.216 - - [02/Nov/2024:08:15:03 +0000] "GET / HTTP/1.0" 200 612 "-" "Expanse, a Palo Alto Networks company, searches across the global IPv4 space multiple times per day to identify customers&#39; presences on the Internet. If you would like to be excluded from our scans, please send IP addresses/domains to: scaninfo@paloaltonetworks.com"
118.233.220.85 - - [02/Nov/2024:08:27:24 +0000] "GET / HTTP/1.0" 200 612 "-" "Mozilla/5.0 (Linux; U; Android 4.0.3; ko-kr; LG-L160L Build/IML74K) AppleWebkit/534.30 (KHTML, like Gecko) Version/4.0 Mobile Safari/534.30"
198.44.237.38 - - [02/Nov/2024:08:29:14 +0000] "\x16\x03\x01\x00\xEE\x01\x00\x00\xEA\x03\x03\xFAL\xAA\x8E\x9D\xA8-|ZPt W\xD2\x9B\x7F\xD0\xDC\xD2\xED\xD3\x11\x9A\xF1\xE6\xDA\xF5\x8C\xF5\x13#\x14 M'\x09K\x1C\xE6\x87\x16:" 400 166 "-" "-"
198.44.237.38 - - [02/Nov/2024:08:29:14 +0000] "GET / HTTP/1.1" 200 396 "-" "Mozilla/5.0 (Windows NT 10.0; WOW64) AppleWebKit/537.36 (KHTML, like Gecko) Chrome/71.0.3578.98 Safari/537.36"
87.120.113.56 - - [02/Nov/2024:09:06:11 +0000] "GET /.env HTTP/1.1" 404 134 "-" "Mozilla/5.0 (Macintosh; U; Intel Mac OS X 10.5; en-US; rv:1.9.1) Gecko/20090624 Firefox/3.5"
143.110.222.166 - - [02/Nov/2024:09:17:10 +0000] "GET / HTTP/1.1" 200 396 "-" "Mozilla/5.0 (iPhone; CPU iPhone OS 16_1 like Mac OS X) AppleWebKit/605.1.15 (KHTML, like Gecko) Version/16.1 Mobile/15E148 Safari/604.1"
90.194.151.126 - - [02/Nov/2024:09:55:04 +0000] "GET /ws HTTP/1.1" 101 1784 "-" "Mozilla/5.0 (Macintosh; Intel Mac OS X 10_15_7) AppleWebKit/537.36 (KHTML, like Gecko) Chrome/130.0.0.0 Safari/537.36"
143.110.222.166 - - [02/Nov/2024:10:05:52 +0000] "GET / HTTP/1.1" 200 396 "-" "Mozilla/5.0 (iPhone; CPU iPhone OS 16_1 like Mac OS X) AppleWebKit/605.1.15 (KHTML, like Gecko) Version/16.1 Mobile/15E148 Safari/604.1"
87.120.126.202 - - [02/Nov/2024:10:24:25 +0000] "GET /_profiler/phpinfo HTTP/1.1" 404 134 "-" "Mozilla/5.0 (Macintosh; Intel Mac OS X 10_15_7) AppleWebKit/605.1.15 (KHTML, like Gecko) Version/15.5 Safari/605.1.15"
87.121.86.55 - - [02/Nov/2024:10:26:26 +0000] "GET /.env HTTP/1.1" 404 162 "-" "Mozilla/5.0 (X11; Linux x86_64)"
122.118.164.72 - - [02/Nov/2024:10:26:50 +0000] "GET / HTTP/1.0" 200 612 "-" "Mozilla/5.0 (Linux; U; Android 4.0.3; ko-kr; LG-L160L Build/IML74K) AppleWebkit/534.30 (KHTML, like Gecko) Version/4.0 Mobile Safari/534.30"
45.140.188.18 - - [02/Nov/2024:10:39:55 +0000] "POST /boaform/admin/formLogin HTTP/1.1" 404 134 "http://138.197.205.253:80/admin/login.asp" "Mozilla/5.0 (X11; Ubuntu; Linux x86_64; rv:71.0) Gecko/20100101 Firefox/71.0"
45.140.188.18 - - [02/Nov/2024:10:39:55 +0000] "" 400 0 "-" "-"
102.38.13.77 - - [02/Nov/2024:10:40:23 +0000] "GET / HTTP/1.1" 200 612 "-" "Mozilla/5.0 (Windows NT 6.1; WOW64) AppleWebKit/537.36 (KHTML, like Gecko) Chrome/51.0.2704.103 Safari/537.36"
162.216.149.134 - - [02/Nov/2024:10:48:54 +0000] "GET / HTTP/1.1" 200 396 "-" "Expanse, a Palo Alto Networks company, searches across the global IPv4 space multiple times per day to identify customers&#39; presences on the Internet. If you would like to be excluded from our scans, please send IP addresses/domains to: scaninfo@paloaltonetworks.com"
95.214.55.79 - - [02/Nov/2024:10:56:45 +0000] "GET / HTTP/1.1" 200 396 "-" "Mozilla/5.0 (Windows NT 10.0; Win64; x64) AppleWebKit/537.36 (KHTML, like Gecko) Chrome/90.0.4430.85 Safari/537.36 Edg/90.0.818.46"
178.215.238.68 - - [02/Nov/2024:11:07:22 +0000] "GET /login.rsp HTTP/1.1" 404 162 "-" "Hello World"
179.43.191.98 - - [02/Nov/2024:11:07:36 +0000] "GET / HTTP/1.1" 200 612 "-" "-"
143.110.222.166 - - [02/Nov/2024:11:20:15 +0000] "GET / HTTP/1.1" 200 396 "-" "Mozilla/5.0 (iPhone; CPU iPhone OS 16_1 like Mac OS X) AppleWebKit/605.1.15 (KHTML, like Gecko) Version/16.1 Mobile/15E148 Safari/604.1"
64.62.197.105 - - [02/Nov/2024:11:45:34 +0000] "GET / HTTP/1.1" 200 396 "-" "Mozilla/5.0 (X11; Ubuntu; Linux x86_64; rv:125.0) Gecko/20100101 Firefox/125.0"
64.62.197.100 - - [02/Nov/2024:11:46:38 +0000] "GET /webui/ HTTP/1.1" 404 197 "-" "Mozilla/5.0 (Windows NT 6.1; Win64; x64) AppleWebKit/537.36 (KHTML, like Gecko) Chrome/109.0.0.0 Safari/537.36"
64.62.197.101 - - [02/Nov/2024:11:47:29 +0000] "GET /favicon.ico HTTP/1.1" 404 197 "-" "Mozilla/5.0 (Windows NT 10.0; Win64; x64) AppleWebKit/537.36 (KHTML, like Gecko) Chrome/120.0.0.0 YaBrowser/24.1.0.0 Safari/537.36"
64.62.197.102 - - [02/Nov/2024:11:47:51 +0000] "GET /geoserver/web/ HTTP/1.1" 404 134 "-" "Mozilla/5.0 (X11; Ubuntu; Linux x86_64; rv:125.0) Gecko/20100101 Firefox/125.0"
34.140.231.8 - - [02/Nov/2024:12:00:20 +0000] "GET / HTTP/1.1" 200 396 "-" "python-requests/2.32.3"
1.231.222.26 - - [02/Nov/2024:12:08:37 +0000] "GET / HTTP/1.0" 200 612 "-" "Mozilla/5.0 (Linux; U; Android 4.0.3; ko-kr; LG-L160L Build/IML74K) AppleWebkit/534.30 (KHTML, like Gecko) Version/4.0 Mobile Safari/534.30"
143.110.222.166 - - [02/Nov/2024:12:09:05 +0000] "GET / HTTP/1.1" 200 396 "-" "Mozilla/5.0 (iPhone; CPU iPhone OS 16_1 like Mac OS X) AppleWebKit/605.1.15 (KHTML, like Gecko) Version/16.1 Mobile/15E148 Safari/604.1"
141.98.11.178 - - [02/Nov/2024:12:31:47 +0000] "GET /cgi-bin/luci/;stok=/locale HTTP/1.1" 404 162 "-" "Hello"
185.191.126.248 - - [02/Nov/2024:12:39:13 +0000] "GET / HTTP/1.1" 200 612 "-" "-"
168.232.12.228 - - [02/Nov/2024:12:54:50 +0000] "GET / HTTP/1.1" 200 612 "-" "Mozilla/5.0 (Macintosh; Intel Mac OS X 10_11_6) AppleWebKit/601.7.7 (KHTML, like Gecko) Version/9.1.2 Safari/601.7.7"
143.110.222.166 - - [02/Nov/2024:12:59:58 +0000] "GET / HTTP/1.1" 200 396 "-" "Mozilla/5.0 (iPhone; CPU iPhone OS 16_1 like Mac OS X) AppleWebKit/605.1.15 (KHTML, like Gecko) Version/16.1 Mobile/15E148 Safari/604.1"
95.214.53.91 - - [02/Nov/2024:13:07:17 +0000] "GET / HTTP/1.1" 200 396 "-" "Mozilla/5.0 (Windows NT 10.0; Win64; x64) AppleWebKit/537.36 (KHTML, like Gecko) Chrome/90.0.4430.85 Safari/537.36 Edg/90.0.818.46"
185.224.128.47 - - [02/Nov/2024:13:19:12 +0000] "GET / HTTP/1.1" 200 612 "-" "Mozilla/5.0 (Macintosh; Intel Mac OS X 10_15_7) AppleWebKit/537.36 (KHTML, like Gecko) Chrome/128.0.0.0 Safari/537.36"
80.75.212.46 - - [02/Nov/2024:13:29:56 +0000] "GET /login.rsp HTTP/1.1" 404 162 "-" "Hello World"
47.242.231.143 - - [02/Nov/2024:13:41:31 +0000] "\x16\x03\x01\x00\xEE\x01\x00\x00\xEA\x03\x03X\xF4\xB6\xF0\xD9Q\xFC\x1Eb\xE8i\x16\xB8:\xDE\xA1\xC5\xA07\xA3\xE8\x1D\xC2\xDD\xE5\x93N\xB0\xDBK\xED\xE0 kB\x19\x04\x1B\x05\xFE\xC0\x9A\xDE\xE1\xBAovp\xC6\xF4\xBF\xF8\xC6\x9C\xA8\xAD\xD1;\xBA\xD7{\x98g\xEE\xD0\x00&\xC0+\xC0/\xC0,\xC00\xCC\xA9\xCC\xA8\xC0\x09\xC0\x13\xC0" 400 166 "-" "-"
47.242.231.143 - - [02/Nov/2024:13:41:31 +0000] "GET / HTTP/1.1" 200 396 "-" "Mozilla/5.0 (Windows NT 10.0; WOW64) AppleWebKit/537.36 (KHTML, like Gecko) Chrome/71.0.3578.98 Safari/537.36"
46.174.191.32 - - [02/Nov/2024:13:45:30 +0000] "GET / HTTP/1.0" 200 612 "-" "Mozilla/5.0 (Windows NT 6.1; WOW64; Trident/7.0; AS; rv:11.0) like Gecko"
179.43.191.98 - - [02/Nov/2024:13:52:37 +0000] "GET / HTTP/1.1" 200 612 "-" "-"
80.82.77.202 - - [02/Nov/2024:13:57:44 +0000] "\x16\x03\x02\x01o\x01\x00\x01k\x03\x02RH\xC5\x1A#\xF7:N\xDF\xE2\xB4\x82/\xFF\x09T\x9F\xA7\xC4y\xB0h\xC6\x13\x8C\xA4\x1C=\x22\xE1\x1A\x98 \x84\xB4,\x85\xAFn\xE3Y\xBBbhl\xFF(=':\xA9\x82\xD9o\xC8\xA2\xD7\x93\x98\xB4\xEF\x80\xE5\xB9\x90\x00(\xC0" 400 166 "-" "-"
143.110.222.166 - - [02/Nov/2024:14:02:47 +0000] "GET / HTTP/1.1" 200 396 "-" "Mozilla/5.0 (iPhone; CPU iPhone OS 16_1 like Mac OS X) AppleWebKit/605.1.15 (KHTML, like Gecko) Version/16.1 Mobile/15E148 Safari/604.1"
185.191.126.248 - - [02/Nov/2024:14:12:11 +0000] "GET / HTTP/1.1" 200 612 "-" "-"
216.218.206.68 - - [02/Nov/2024:14:19:55 +0000] "\x16\x03\x01\x00{\x01\x00\x00w\x03\x03\x9E\xC4\xFB3\x17\xBD\x9E\xEE\x0C\xE2(\x02\xA9\xE9-\xF2\xB3\xE7\x04\x02+\x80\x96\x1BCD[\x1F\x04=\x139\x00\x00\x1A\xC0/\xC0+\xC0\x11\xC0\x07\xC0\x13\xC0\x09\xC0\x14\xC0" 400 166 "-" "-"
123.58.207.127 - - [02/Nov/2024:14:21:00 +0000] "\x16\x03\x01\x01\x17\x01\x00\x01\x13\x03\x03" 400 166 "-" "-"
123.58.207.127 - - [02/Nov/2024:14:21:10 +0000] "GET / HTTP/1.1" 200 612 "-" "Mozilla/5.0 (Macintosh; Intel Mac OS X 10_15_7) AppleWebKit/537.36 (KHTML, like Gecko) Chrome/120.0.0.0 Safari/537.36 Edg/120.0.0.0"
123.58.207.127 - - [02/Nov/2024:14:21:28 +0000] "GET /favicon.ico HTTP/1.1" 404 197 "-" "Mozilla/5.0 (Macintosh; Intel Mac OS X 10_7_0) AppleWebKit/535.11 (KHTML, like Gecko) Chrome/17.0.963.56 Safari/535.11"
123.58.207.127 - - [02/Nov/2024:14:21:29 +0000] "GET /robots.txt HTTP/1.1" 404 197 "-" "Mozilla/5.0 (Macintosh; Intel Mac OS X 10_7_0) AppleWebKit/535.11 (KHTML, like Gecko) Chrome/17.0.963.56 Safari/535.11"
123.58.207.127 - - [02/Nov/2024:14:21:29 +0000] "GET /sitemap.xml HTTP/1.1" 404 197 "-" "Mozilla/5.0 (Macintosh; Intel Mac OS X 10_7_0) AppleWebKit/535.11 (KHTML, like Gecko) Chrome/17.0.963.56 Safari/535.11"
123.58.207.127 - - [02/Nov/2024:14:21:29 +0000] "GET /config.json HTTP/1.1" 404 197 "-" "Mozilla/5.0 (Macintosh; Intel Mac OS X 10_7_0) AppleWebKit/535.11 (KHTML, like Gecko) Chrome/17.0.963.56 Safari/535.11"
141.98.11.178 - - [02/Nov/2024:14:47:25 +0000] "GET / HTTP/1.1" 200 612 "-" "-"
179.43.191.98 - - [02/Nov/2024:15:12:35 +0000] "GET / HTTP/1.1" 200 612 "-" "-"
185.191.126.248 - - [02/Nov/2024:15:13:39 +0000] "GET / HTTP/1.1" 200 612 "-" "-"
112.254.36.175 - - [02/Nov/2024:15:17:01 +0000] "POST /cgi-bin/.%2e/.%2e/.%2e/.%2e/.%2e/.%2e/.%2e/.%2e/.%2e/.%2e/bin/sh HTTP/1.1" 400 166 "-" "-"
112.254.36.175 - - [02/Nov/2024:15:17:01 +0000] "POST /cgi-bin/%%32%65%%32%65/%%32%65%%32%65/%%32%65%%32%65/%%32%65%%32%65/%%32%65%%32%65/%%32%65%%32%65/%%32%65%%32%65/bin/sh HTTP/1.1" 400 166 "-" "-"
112.254.36.175 - - [02/Nov/2024:15:17:01 +0000] "POST /hello.world?%ADd+allow_url_include%3d1+%ADd+auto_prepend_file%3dphp://input HTTP/1.1" 404 162 "-" "Custom-AsyncHttpClient"
112.254.36.175 - - [02/Nov/2024:15:17:02 +0000] "GET /vendor/phpunit/phpunit/src/Util/PHP/eval-stdin.php HTTP/1.1" 404 162 "-" "Custom-AsyncHttpClient"
112.254.36.175 - - [02/Nov/2024:15:17:02 +0000] "GET /vendor/phpunit/phpunit/Util/PHP/eval-stdin.php HTTP/1.1" 404 162 "-" "Custom-AsyncHttpClient"
112.254.36.175 - - [02/Nov/2024:15:17:02 +0000] "GET /vendor/phpunit/src/Util/PHP/eval-stdin.php HTTP/1.1" 404 162 "-" "Custom-AsyncHttpClient"
112.254.36.175 - - [02/Nov/2024:15:17:02 +0000] "GET /vendor/phpunit/Util/PHP/eval-stdin.php HTTP/1.1" 404 162 "-" "Custom-AsyncHttpClient"
112.254.36.175 - - [02/Nov/2024:15:17:02 +0000] "GET /vendor/phpunit/phpunit/LICENSE/eval-stdin.php HTTP/1.1" 404 162 "-" "Custom-AsyncHttpClient"
112.254.36.175 - - [02/Nov/2024:15:17:03 +0000] "GET /vendor/vendor/phpunit/phpunit/src/Util/PHP/eval-stdin.php HTTP/1.1" 404 162 "-" "Custom-AsyncHttpClient"
112.254.36.175 - - [02/Nov/2024:15:17:03 +0000] "GET /phpunit/phpunit/src/Util/PHP/eval-stdin.php HTTP/1.1" 404 162 "-" "Custom-AsyncHttpClient"
112.254.36.175 - - [02/Nov/2024:15:17:03 +0000] "GET /phpunit/phpunit/Util/PHP/eval-stdin.php HTTP/1.1" 404 162 "-" "Custom-AsyncHttpClient"
112.254.36.175 - - [02/Nov/2024:15:17:03 +0000] "GET /phpunit/src/Util/PHP/eval-stdin.php HTTP/1.1" 404 162 "-" "Custom-AsyncHttpClient"
112.254.36.175 - - [02/Nov/2024:15:17:03 +0000] "GET /phpunit/Util/PHP/eval-stdin.php HTTP/1.1" 404 162 "-" "Custom-AsyncHttpClient"
112.254.36.175 - - [02/Nov/2024:15:17:04 +0000] "GET /lib/phpunit/phpunit/src/Util/PHP/eval-stdin.php HTTP/1.1" 404 162 "-" "Custom-AsyncHttpClient"
112.254.36.175 - - [02/Nov/2024:15:17:04 +0000] "GET /lib/phpunit/phpunit/Util/PHP/eval-stdin.php HTTP/1.1" 404 162 "-" "Custom-AsyncHttpClient"
112.254.36.175 - - [02/Nov/2024:15:17:04 +0000] "GET /lib/phpunit/src/Util/PHP/eval-stdin.php HTTP/1.1" 404 162 "-" "Custom-AsyncHttpClient"
112.254.36.175 - - [02/Nov/2024:15:17:04 +0000] "GET /lib/phpunit/Util/PHP/eval-stdin.php HTTP/1.1" 404 162 "-" "Custom-AsyncHttpClient"
112.254.36.175 - - [02/Nov/2024:15:17:04 +0000] "GET /lib/vendor/phpunit/phpunit/src/Util/PHP/eval-stdin.php HTTP/1.1" 404 162 "-" "Custom-AsyncHttpClient"
112.254.36.175 - - [02/Nov/2024:15:17:05 +0000] "GET /laravel/vendor/phpunit/phpunit/src/Util/PHP/eval-stdin.php HTTP/1.1" 404 162 "-" "Custom-AsyncHttpClient"
112.254.36.175 - - [02/Nov/2024:15:17:05 +0000] "GET /www/vendor/phpunit/phpunit/src/Util/PHP/eval-stdin.php HTTP/1.1" 404 162 "-" "Custom-AsyncHttpClient"
112.254.36.175 - - [02/Nov/2024:15:17:05 +0000] "GET /ws/vendor/phpunit/phpunit/src/Util/PHP/eval-stdin.php HTTP/1.1" 404 162 "-" "Custom-AsyncHttpClient"
112.254.36.175 - - [02/Nov/2024:15:17:05 +0000] "GET /yii/vendor/phpunit/phpunit/src/Util/PHP/eval-stdin.php HTTP/1.1" 404 162 "-" "Custom-AsyncHttpClient"
112.254.36.175 - - [02/Nov/2024:15:17:05 +0000] "GET /zend/vendor/phpunit/phpunit/src/Util/PHP/eval-stdin.php HTTP/1.1" 404 162 "-" "Custom-AsyncHttpClient"
112.254.36.175 - - [02/Nov/2024:15:17:06 +0000] "GET /ws/ec/vendor/phpunit/phpunit/src/Util/PHP/eval-stdin.php HTTP/1.1" 404 162 "-" "Custom-AsyncHttpClient"
112.254.36.175 - - [02/Nov/2024:15:17:06 +0000] "GET /V2/vendor/phpunit/phpunit/src/Util/PHP/eval-stdin.php HTTP/1.1" 404 162 "-" "Custom-AsyncHttpClient"
112.254.36.175 - - [02/Nov/2024:15:17:06 +0000] "GET /tests/vendor/phpunit/phpunit/src/Util/PHP/eval-stdin.php HTTP/1.1" 404 162 "-" "Custom-AsyncHttpClient"
112.254.36.175 - - [02/Nov/2024:15:17:06 +0000] "GET /test/vendor/phpunit/phpunit/src/Util/PHP/eval-stdin.php HTTP/1.1" 404 162 "-" "Custom-AsyncHttpClient"
112.254.36.175 - - [02/Nov/2024:15:17:06 +0000] "GET /testing/vendor/phpunit/phpunit/src/Util/PHP/eval-stdin.php HTTP/1.1" 404 162 "-" "Custom-AsyncHttpClient"
112.254.36.175 - - [02/Nov/2024:15:17:06 +0000] "GET /api/vendor/phpunit/phpunit/src/Util/PHP/eval-stdin.php HTTP/1.1" 404 162 "-" "Custom-AsyncHttpClient"
112.254.36.175 - - [02/Nov/2024:15:17:07 +0000] "GET /demo/vendor/phpunit/phpunit/src/Util/PHP/eval-stdin.php HTTP/1.1" 404 162 "-" "Custom-AsyncHttpClient"
112.254.36.175 - - [02/Nov/2024:15:17:07 +0000] "GET /cms/vendor/phpunit/phpunit/src/Util/PHP/eval-stdin.php HTTP/1.1" 404 162 "-" "Custom-AsyncHttpClient"
112.254.36.175 - - [02/Nov/2024:15:17:07 +0000] "GET /crm/vendor/phpunit/phpunit/src/Util/PHP/eval-stdin.php HTTP/1.1" 404 162 "-" "Custom-AsyncHttpClient"
112.254.36.175 - - [02/Nov/2024:15:17:07 +0000] "GET /admin/vendor/phpunit/phpunit/src/Util/PHP/eval-stdin.php HTTP/1.1" 404 162 "-" "Custom-AsyncHttpClient"
112.254.36.175 - - [02/Nov/2024:15:17:07 +0000] "GET /backup/vendor/phpunit/phpunit/src/Util/PHP/eval-stdin.php HTTP/1.1" 404 162 "-" "Custom-AsyncHttpClient"
112.254.36.175 - - [02/Nov/2024:15:17:08 +0000] "GET /blog/vendor/phpunit/phpunit/src/Util/PHP/eval-stdin.php HTTP/1.1" 404 162 "-" "Custom-AsyncHttpClient"
112.254.36.175 - - [02/Nov/2024:15:17:08 +0000] "GET /workspace/drupal/vendor/phpunit/phpunit/src/Util/PHP/eval-stdin.php HTTP/1.1" 404 162 "-" "Custom-AsyncHttpClient"
112.254.36.175 - - [02/Nov/2024:15:17:08 +0000] "GET /panel/vendor/phpunit/phpunit/src/Util/PHP/eval-stdin.php HTTP/1.1" 404 162 "-" "Custom-AsyncHttpClient"
112.254.36.175 - - [02/Nov/2024:15:17:08 +0000] "GET /public/vendor/phpunit/phpunit/src/Util/PHP/eval-stdin.php HTTP/1.1" 404 162 "-" "Custom-AsyncHttpClient"
112.254.36.175 - - [02/Nov/2024:15:17:08 +0000] "GET /apps/vendor/phpunit/phpunit/src/Util/PHP/eval-stdin.php HTTP/1.1" 404 162 "-" "Custom-AsyncHttpClient"
112.254.36.175 - - [02/Nov/2024:15:17:09 +0000] "GET /app/vendor/phpunit/phpunit/src/Util/PHP/eval-stdin.php HTTP/1.1" 404 162 "-" "Custom-AsyncHttpClient"
112.254.36.175 - - [02/Nov/2024:15:17:09 +0000] "GET /index.php?s=/index/\x5Cthink\x5Capp/invokefunction&function=call_user_func_array&vars[0]=md5&vars[1][]=Hello HTTP/1.1" 404 162 "-" "Custom-AsyncHttpClient"
112.254.36.175 - - [02/Nov/2024:15:17:09 +0000] "GET /public/index.php?s=/index/\x5Cthink\x5Capp/invokefunction&function=call_user_func_array&vars[0]=md5&vars[1][]=Hello HTTP/1.1" 404 162 "-" "Custom-AsyncHttpClient"
112.254.36.175 - - [02/Nov/2024:15:17:09 +0000] "GET /index.php?lang=../../../../../../../../usr/local/lib/php/pearcmd&+config-create+/&/<?echo(md5(\x22hi\x22));?>+/tmp/index1.php HTTP/1.1" 404 162 "-" "Custom-AsyncHttpClient"
112.254.36.175 - - [02/Nov/2024:15:17:09 +0000] "GET /index.php?lang=../../../../../../../../tmp/index1 HTTP/1.1" 404 162 "-" "Custom-AsyncHttpClient"
112.254.36.175 - - [02/Nov/2024:15:17:10 +0000] "GET /containers/json HTTP/1.1" 404 162 "-" "Custom-AsyncHttpClient"
143.110.222.166 - - [02/Nov/2024:15:19:31 +0000] "GET / HTTP/1.1" 200 396 "-" "Mozilla/5.0 (iPhone; CPU iPhone OS 16_1 like Mac OS X) AppleWebKit/605.1.15 (KHTML, like Gecko) Version/16.1 Mobile/15E148 Safari/604.1"
157.131.95.205 - - [02/Nov/2024:15:21:38 +0000] "GET / HTTP/1.1" 200 776 "-" "Mozilla/5.0 (Windows NT 10.0; Win64; x64) AppleWebKit/537.36 (KHTML, like Gecko) Chrome/130.0.0.0 Safari/537.36 Edg/130.0.0.0"
157.131.95.205 - - [02/Nov/2024:15:21:38 +0000] "GET /static/css/main.ff1e0983.css HTTP/1.1" 200 12173 "http://hn.jonudell.info/" "Mozilla/5.0 (Windows NT 10.0; Win64; x64) AppleWebKit/537.36 (KHTML, like Gecko) Chrome/130.0.0.0 Safari/537.36 Edg/130.0.0.0"
157.131.95.205 - - [02/Nov/2024:15:21:39 +0000] "GET /static/js/main.545510b4.js HTTP/1.1" 200 471985 "http://hn.jonudell.info/" "Mozilla/5.0 (Windows NT 10.0; Win64; x64) AppleWebKit/537.36 (KHTML, like Gecko) Chrome/130.0.0.0 Safari/537.36 Edg/130.0.0.0"
157.131.95.205 - - [02/Nov/2024:15:21:39 +0000] "GET /static/js/330.54da5765.chunk.js HTTP/1.1" 200 1739 "http://hn.jonudell.info/" "Mozilla/5.0 (Windows NT 10.0; Win64; x64) AppleWebKit/537.36 (KHTML, like Gecko) Chrome/130.0.0.0 Safari/537.36 Edg/130.0.0.0"
157.131.95.205 - - [02/Nov/2024:15:21:39 +0000] "GET /static/js/393.d2a411df.chunk.js HTTP/1.1" 200 73114 "http://hn.jonudell.info/" "Mozilla/5.0 (Windows NT 10.0; Win64; x64) AppleWebKit/537.36 (KHTML, like Gecko) Chrome/130.0.0.0 Safari/537.36 Edg/130.0.0.0"
157.131.95.205 - - [02/Nov/2024:15:21:39 +0000] "GET /static/js/867.3d8437ff.chunk.js HTTP/1.1" 200 98562 "http://hn.jonudell.info/" "Mozilla/5.0 (Windows NT 10.0; Win64; x64) AppleWebKit/537.36 (KHTML, like Gecko) Chrome/130.0.0.0 Safari/537.36 Edg/130.0.0.0"
157.131.95.205 - - [02/Nov/2024:15:21:39 +0000] "GET /static/js/438.71903d8c.chunk.js HTTP/1.1" 200 1555368 "http://hn.jonudell.info/" "Mozilla/5.0 (Windows NT 10.0; Win64; x64) AppleWebKit/537.36 (KHTML, like Gecko) Chrome/130.0.0.0 Safari/537.36 Edg/130.0.0.0"
157.131.95.205 - - [02/Nov/2024:15:21:39 +0000] "GET /favicon.png HTTP/1.1" 200 1881 "http://hn.jonudell.info/?group_by=tag&tag=service" "Mozilla/5.0 (Windows NT 10.0; Win64; x64) AppleWebKit/537.36 (KHTML, like Gecko) Chrome/130.0.0.0 Safari/537.36 Edg/130.0.0.0"
157.131.95.205 - - [02/Nov/2024:15:21:39 +0000] "GET /favicon.svg HTTP/1.1" 200 1600 "http://hn.jonudell.info/?group_by=tag&tag=service" "Mozilla/5.0 (Windows NT 10.0; Win64; x64) AppleWebKit/537.36 (KHTML, like Gecko) Chrome/130.0.0.0 Safari/537.36 Edg/130.0.0.0"
157.131.95.205 - - [02/Nov/2024:15:21:43 +0000] "GET /ws HTTP/1.1" 101 1782 "-" "Mozilla/5.0 (Windows NT 10.0; Win64; x64) AppleWebKit/537.36 (KHTML, like Gecko) Chrome/130.0.0.0 Safari/537.36 Edg/130.0.0.0"
141.98.11.178 - - [02/Nov/2024:15:37:29 +0000] "GET / HTTP/1.1" 200 396 "-" "Mozilla/5.0 (Windows NT 10.0; Win64; x64) AppleWebKit/537.36 (KHTML, like Gecko) Chrome/90.0.4430.85 Safari/537.36 Edg/90.0.818.46"
93.174.93.12 - - [02/Nov/2024:15:38:39 +0000] "GET / HTTP/1.0" 200 612 "-" "Mozilla/5.0 (Macintosh; Intel Mac OS X 10_13_6) AppleWebKit/605.1.15 (KHTML, like Gecko) Version/12.0.2 Safari/605.1.15"
179.43.191.98 - - [02/Nov/2024:16:04:38 +0000] "GET / HTTP/1.1" 200 612 "-" "-"
143.110.222.166 - - [02/Nov/2024:16:07:55 +0000] "GET / HTTP/1.1" 200 396 "-" "Mozilla/5.0 (iPhone; CPU iPhone OS 16_1 like Mac OS X) AppleWebKit/605.1.15 (KHTML, like Gecko) Version/16.1 Mobile/15E148 Safari/604.1"
5.8.11.202 - - [02/Nov/2024:16:21:29 +0000] "GET / HTTP/1.0" 200 612 "-" "Mozilla/5.0 (Windows NT 10.0; Win64; x64) AppleWebKit/537.36 (KHTML, like Gecko) Chrome/62.0.3191.0 Safari/537.36"
185.191.126.248 - - [02/Nov/2024:16:45:56 +0000] "GET / HTTP/1.1" 200 612 "-" "-"
143.110.222.166 - - [02/Nov/2024:17:07:11 +0000] "GET / HTTP/1.1" 200 396 "-" "Mozilla/5.0 (iPhone; CPU iPhone OS 16_1 like Mac OS X) AppleWebKit/605.1.15 (KHTML, like Gecko) Version/16.1 Mobile/15E148 Safari/604.1"
90.194.151.126 - - [02/Nov/2024:17:12:18 +0000] "GET /ws HTTP/1.1" 101 1784 "-" "Mozilla/5.0 (Macintosh; Intel Mac OS X 10_15_7) AppleWebKit/537.36 (KHTML, like Gecko) Chrome/130.0.0.0 Safari/537.36"
178.215.238.68 - - [02/Nov/2024:17:15:52 +0000] "GET /login.rsp HTTP/1.1" 404 162 "-" "Hello World"
45.149.241.114 - - [02/Nov/2024:17:17:12 +0000] "GET /.git/config HTTP/1.1" 404 134 "-" "Mozilla/5.0 (Debian; Linux x86_64; rv:125.0) Gecko/20100101 Firefox/125.0"
179.43.191.98 - - [02/Nov/2024:17:17:27 +0000] "GET / HTTP/1.1" 200 612 "-" "-"
45.83.65.49 - - [02/Nov/2024:17:24:04 +0000] "GET / HTTP/1.1" 200 396 "-" "Mozilla/5.0 (Windows NT 10.0; Win64; x64; rv:65.0) Gecko/20100101 Firefox/65.0"
45.83.66.234 - - [02/Nov/2024:17:24:04 +0000] "GET /favicon.ico HTTP/1.1" 404 134 "-" "Mozilla/5.0 (Windows NT 10.0; Win64; x64; rv:65.0) Gecko/20100101 Firefox/65.0"
83.77.16.27 - - [02/Nov/2024:17:27:05 +0000] "GET / HTTP/1.0" 200 612 "-" "Mozilla/5.0 (Linux; U; Android 4.0.3; ko-kr; LG-L160L Build/IML74K) AppleWebkit/534.30 (KHTML, like Gecko) Version/4.0 Mobile Safari/534.30"
185.191.126.248 - - [02/Nov/2024:17:27:14 +0000] "GET / HTTP/1.1" 200 612 "-" "-"
141.98.11.178 - - [02/Nov/2024:17:40:32 +0000] "GET / HTTP/1.1" 200 612 "-" "Go-http-client/1.1"
179.43.191.98 - - [02/Nov/2024:17:48:16 +0000] "GET / HTTP/1.1" 200 612 "-" "-"
143.110.222.166 - - [02/Nov/2024:17:58:02 +0000] "GET / HTTP/1.1" 200 396 "-" "Mozilla/5.0 (iPhone; CPU iPhone OS 16_1 like Mac OS X) AppleWebKit/605.1.15 (KHTML, like Gecko) Version/16.1 Mobile/15E148 Safari/604.1"
95.214.55.79 - - [02/Nov/2024:18:02:36 +0000] "GET / HTTP/1.1" 200 396 "-" "Mozilla/5.0 (Windows NT 10.0; Win64; x64) AppleWebKit/537.36 (KHTML, like Gecko) Chrome/90.0.4430.85 Safari/537.36 Edg/90.0.818.46"
185.191.126.248 - - [02/Nov/2024:19:12:43 +0000] "GET / HTTP/1.1" 200 612 "-" "-"
136.144.19.42 - - [02/Nov/2024:19:18:31 +0000] "GET / HTTP/1.1" 200 396 "-" "Mozilla/5.0 (X11; Linux x86_64) AppleWebKit/537.36 (KHTML, like Gecko) Chrome/81.0.4044.129 Safari/537.36"
136.144.19.42 - - [02/Nov/2024:19:18:34 +0000] "GET /mail.php HTTP/1.1" 404 197 "-" "Mozilla/5.0 (X11; Linux x86_64) AppleWebKit/537.36 (KHTML, like Gecko) Chrome/81.0.4044.129 Safari/537.36"
136.144.19.42 - - [02/Nov/2024:19:18:34 +0000] "POST /mail.php HTTP/1.1" 404 197 "-" "Mozilla/5.0 (X11; Linux x86_64) AppleWebKit/537.36 (KHTML, like Gecko) Chrome/81.0.4044.129 Safari/537.36"
136.144.19.42 - - [02/Nov/2024:19:18:36 +0000] "GET /.aws/credentials HTTP/1.1" 404 197 "-" "Mozilla/5.0 (X11; Linux x86_64) AppleWebKit/537.36 (KHTML, like Gecko) Chrome/81.0.4044.129 Safari/537.36"
136.144.19.42 - - [02/Nov/2024:19:18:37 +0000] "POST /.aws/credentials HTTP/1.1" 404 197 "-" "Mozilla/5.0 (X11; Linux x86_64) AppleWebKit/537.36 (KHTML, like Gecko) Chrome/81.0.4044.129 Safari/537.36"
136.144.19.42 - - [02/Nov/2024:19:18:41 +0000] "GET /.aws/config HTTP/1.1" 404 197 "-" "Mozilla/5.0 (X11; Linux x86_64) AppleWebKit/537.36 (KHTML, like Gecko) Chrome/81.0.4044.129 Safari/537.36"
136.144.19.42 - - [02/Nov/2024:19:18:42 +0000] "POST /.aws/config HTTP/1.1" 404 197 "-" "Mozilla/5.0 (X11; Linux x86_64) AppleWebKit/537.36 (KHTML, like Gecko) Chrome/81.0.4044.129 Safari/537.36"
136.144.19.42 - - [02/Nov/2024:19:18:44 +0000] "GET /.env HTTP/1.1" 404 197 "-" "Mozilla/5.0 (X11; Linux x86_64) AppleWebKit/537.36 (KHTML, like Gecko) Chrome/81.0.4044.129 Safari/537.36"
136.144.19.42 - - [02/Nov/2024:19:18:45 +0000] "POST /.env HTTP/1.1" 404 197 "-" "Mozilla/5.0 (X11; Linux x86_64) AppleWebKit/537.36 (KHTML, like Gecko) Chrome/81.0.4044.129 Safari/537.36"
136.144.19.42 - - [02/Nov/2024:19:18:47 +0000] "GET /crm/.env HTTP/1.1" 404 197 "-" "Mozilla/5.0 (X11; Linux x86_64) AppleWebKit/537.36 (KHTML, like Gecko) Chrome/81.0.4044.129 Safari/537.36"
136.144.19.42 - - [02/Nov/2024:19:18:47 +0000] "POST /crm/.env HTTP/1.1" 404 197 "-" "Mozilla/5.0 (X11; Linux x86_64) AppleWebKit/537.36 (KHTML, like Gecko) Chrome/81.0.4044.129 Safari/537.36"
136.144.19.42 - - [02/Nov/2024:19:18:50 +0000] "GET /erp/.env HTTP/1.1" 404 197 "-" "Mozilla/5.0 (X11; Linux x86_64) AppleWebKit/537.36 (KHTML, like Gecko) Chrome/81.0.4044.129 Safari/537.36"
136.144.19.42 - - [02/Nov/2024:19:18:50 +0000] "POST /erp/.env HTTP/1.1" 404 197 "-" "Mozilla/5.0 (X11; Linux x86_64) AppleWebKit/537.36 (KHTML, like Gecko) Chrome/81.0.4044.129 Safari/537.36"
136.144.19.42 - - [02/Nov/2024:19:18:52 +0000] "GET /app/crm/.env HTTP/1.1" 404 197 "-" "Mozilla/5.0 (X11; Linux x86_64) AppleWebKit/537.36 (KHTML, like Gecko) Chrome/81.0.4044.129 Safari/537.36"
136.144.19.42 - - [02/Nov/2024:19:18:52 +0000] "POST /app/crm/.env HTTP/1.1" 404 197 "-" "Mozilla/5.0 (X11; Linux x86_64) AppleWebKit/537.36 (KHTML, like Gecko) Chrome/81.0.4044.129 Safari/537.36"
136.144.19.42 - - [02/Nov/2024:19:18:54 +0000] "GET /services/crm/.env HTTP/1.1" 404 197 "-" "Mozilla/5.0 (X11; Linux x86_64) AppleWebKit/537.36 (KHTML, like Gecko) Chrome/81.0.4044.129 Safari/537.36"
136.144.19.42 - - [02/Nov/2024:19:18:54 +0000] "POST /services/crm/.env HTTP/1.1" 404 197 "-" "Mozilla/5.0 (X11; Linux x86_64) AppleWebKit/537.36 (KHTML, like Gecko) Chrome/81.0.4044.129 Safari/537.36"
136.144.19.42 - - [02/Nov/2024:19:18:56 +0000] "GET /api/.env HTTP/1.1" 404 197 "-" "Mozilla/5.0 (X11; Linux x86_64) AppleWebKit/537.36 (KHTML, like Gecko) Chrome/81.0.4044.129 Safari/537.36"
136.144.19.42 - - [02/Nov/2024:19:18:57 +0000] "POST /api/.env HTTP/1.1" 404 197 "-" "Mozilla/5.0 (X11; Linux x86_64) AppleWebKit/537.36 (KHTML, like Gecko) Chrome/81.0.4044.129 Safari/537.36"
136.144.19.42 - - [02/Nov/2024:19:18:58 +0000] "GET /cms/.env HTTP/1.1" 404 197 "-" "Mozilla/5.0 (X11; Linux x86_64) AppleWebKit/537.36 (KHTML, like Gecko) Chrome/81.0.4044.129 Safari/537.36"
136.144.19.42 - - [02/Nov/2024:19:18:58 +0000] "POST /cms/.env HTTP/1.1" 404 197 "-" "Mozilla/5.0 (X11; Linux x86_64) AppleWebKit/537.36 (KHTML, like Gecko) Chrome/81.0.4044.129 Safari/537.36"
136.144.19.42 - - [02/Nov/2024:19:19:00 +0000] "GET /production/.env HTTP/1.1" 404 197 "-" "Mozilla/5.0 (X11; Linux x86_64) AppleWebKit/537.36 (KHTML, like Gecko) Chrome/81.0.4044.129 Safari/537.36"
136.144.19.42 - - [02/Nov/2024:19:19:00 +0000] "POST /production/.env HTTP/1.1" 404 197 "-" "Mozilla/5.0 (X11; Linux x86_64) AppleWebKit/537.36 (KHTML, like Gecko) Chrome/81.0.4044.129 Safari/537.36"
136.144.19.42 - - [02/Nov/2024:19:19:01 +0000] "GET /settings/.env HTTP/1.1" 404 197 "-" "Mozilla/5.0 (X11; Linux x86_64) AppleWebKit/537.36 (KHTML, like Gecko) Chrome/81.0.4044.129 Safari/537.36"
136.144.19.42 - - [02/Nov/2024:19:19:02 +0000] "POST /settings/.env HTTP/1.1" 404 197 "-" "Mozilla/5.0 (X11; Linux x86_64) AppleWebKit/537.36 (KHTML, like Gecko) Chrome/81.0.4044.129 Safari/537.36"
136.144.19.42 - - [02/Nov/2024:19:19:03 +0000] "GET /admin/.env HTTP/1.1" 404 197 "-" "Mozilla/5.0 (X11; Linux x86_64) AppleWebKit/537.36 (KHTML, like Gecko) Chrome/81.0.4044.129 Safari/537.36"
136.144.19.42 - - [02/Nov/2024:19:19:03 +0000] "POST /admin/.env HTTP/1.1" 404 197 "-" "Mozilla/5.0 (X11; Linux x86_64) AppleWebKit/537.36 (KHTML, like Gecko) Chrome/81.0.4044.129 Safari/537.36"
136.144.19.42 - - [02/Nov/2024:19:19:04 +0000] "GET /services/.env HTTP/1.1" 404 197 "-" "Mozilla/5.0 (X11; Linux x86_64) AppleWebKit/537.36 (KHTML, like Gecko) Chrome/81.0.4044.129 Safari/537.36"
136.144.19.42 - - [02/Nov/2024:19:19:05 +0000] "POST /services/.env HTTP/1.1" 404 197 "-" "Mozilla/5.0 (X11; Linux x86_64) AppleWebKit/537.36 (KHTML, like Gecko) Chrome/81.0.4044.129 Safari/537.36"
136.144.19.42 - - [02/Nov/2024:19:19:06 +0000] "GET /app/.env HTTP/1.1" 404 197 "-" "Mozilla/5.0 (X11; Linux x86_64) AppleWebKit/537.36 (KHTML, like Gecko) Chrome/81.0.4044.129 Safari/537.36"
136.144.19.42 - - [02/Nov/2024:19:19:06 +0000] "POST /app/.env HTTP/1.1" 404 197 "-" "Mozilla/5.0 (X11; Linux x86_64) AppleWebKit/537.36 (KHTML, like Gecko) Chrome/81.0.4044.129 Safari/537.36"
136.144.19.42 - - [02/Nov/2024:19:19:08 +0000] "GET /app/config/.env HTTP/1.1" 404 197 "-" "Mozilla/5.0 (X11; Linux x86_64) AppleWebKit/537.36 (KHTML, like Gecko) Chrome/81.0.4044.129 Safari/537.36"
136.144.19.42 - - [02/Nov/2024:19:19:08 +0000] "POST /app/config/.env HTTP/1.1" 404 197 "-" "Mozilla/5.0 (X11; Linux x86_64) AppleWebKit/537.36 (KHTML, like Gecko) Chrome/81.0.4044.129 Safari/537.36"
136.144.19.42 - - [02/Nov/2024:19:19:10 +0000] "GET /app/smtp/.env HTTP/1.1" 404 197 "-" "Mozilla/5.0 (X11; Linux x86_64) AppleWebKit/537.36 (KHTML, like Gecko) Chrome/81.0.4044.129 Safari/537.36"
136.144.19.42 - - [02/Nov/2024:19:19:10 +0000] "POST /app/smtp/.env HTTP/1.1" 404 197 "-" "Mozilla/5.0 (X11; Linux x86_64) AppleWebKit/537.36 (KHTML, like Gecko) Chrome/81.0.4044.129 Safari/537.36"
136.144.19.175 - - [02/Nov/2024:19:19:50 +0000] "GET /core/.env HTTP/1.1" 404 197 "-" "Mozilla/5.0 (X11; Linux x86_64) AppleWebKit/537.36 (KHTML, like Gecko) Chrome/81.0.4044.129 Safari/537.36"
136.144.19.175 - - [02/Nov/2024:19:19:50 +0000] "POST /core/.env HTTP/1.1" 404 197 "-" "Mozilla/5.0 (X11; Linux x86_64) AppleWebKit/537.36 (KHTML, like Gecko) Chrome/81.0.4044.129 Safari/537.36"
136.144.19.175 - - [02/Nov/2024:19:19:52 +0000] "GET /data/.env HTTP/1.1" 404 197 "-" "Mozilla/5.0 (X11; Linux x86_64) AppleWebKit/537.36 (KHTML, like Gecko) Chrome/81.0.4044.129 Safari/537.36"
136.144.19.175 - - [02/Nov/2024:19:19:53 +0000] "POST /data/.env HTTP/1.1" 404 197 "-" "Mozilla/5.0 (X11; Linux x86_64) AppleWebKit/537.36 (KHTML, like Gecko) Chrome/81.0.4044.129 Safari/537.36"
136.144.19.175 - - [02/Nov/2024:19:19:56 +0000] "GET /system/.env HTTP/1.1" 404 197 "-" "Mozilla/5.0 (X11; Linux x86_64) AppleWebKit/537.36 (KHTML, like Gecko) Chrome/81.0.4044.129 Safari/537.36"
136.144.19.175 - - [02/Nov/2024:19:19:57 +0000] "POST /system/.env HTTP/1.1" 404 197 "-" "Mozilla/5.0 (X11; Linux x86_64) AppleWebKit/537.36 (KHTML, like Gecko) Chrome/81.0.4044.129 Safari/537.36"
136.144.19.175 - - [02/Nov/2024:19:19:58 +0000] "GET /env/.env HTTP/1.1" 404 197 "-" "Mozilla/5.0 (X11; Linux x86_64) AppleWebKit/537.36 (KHTML, like Gecko) Chrome/81.0.4044.129 Safari/537.36"
136.144.19.175 - - [02/Nov/2024:19:19:58 +0000] "POST /env/.env HTTP/1.1" 404 197 "-" "Mozilla/5.0 (X11; Linux x86_64) AppleWebKit/537.36 (KHTML, like Gecko) Chrome/81.0.4044.129 Safari/537.36"
136.144.19.175 - - [02/Nov/2024:19:20:01 +0000] "GET /src/.env HTTP/1.1" 404 197 "-" "Mozilla/5.0 (X11; Linux x86_64) AppleWebKit/537.36 (KHTML, like Gecko) Chrome/81.0.4044.129 Safari/537.36"
136.144.19.175 - - [02/Nov/2024:19:20:01 +0000] "POST /src/.env HTTP/1.1" 404 197 "-" "Mozilla/5.0 (X11; Linux x86_64) AppleWebKit/537.36 (KHTML, like Gecko) Chrome/81.0.4044.129 Safari/537.36"
136.144.19.175 - - [02/Nov/2024:19:20:05 +0000] "GET /backend/config/.env HTTP/1.1" 404 197 "-" "Mozilla/5.0 (X11; Linux x86_64) AppleWebKit/537.36 (KHTML, like Gecko) Chrome/81.0.4044.129 Safari/537.36"
136.144.19.175 - - [02/Nov/2024:19:20:05 +0000] "POST /backend/config/.env HTTP/1.1" 404 197 "-" "Mozilla/5.0 (X11; Linux x86_64) AppleWebKit/537.36 (KHTML, like Gecko) Chrome/81.0.4044.129 Safari/537.36"
136.144.19.175 - - [02/Nov/2024:19:20:08 +0000] "GET /environment/.env HTTP/1.1" 404 197 "-" "Mozilla/5.0 (X11; Linux x86_64) AppleWebKit/537.36 (KHTML, like Gecko) Chrome/81.0.4044.129 Safari/537.36"
136.144.19.175 - - [02/Nov/2024:19:20:09 +0000] "POST /environment/.env HTTP/1.1" 404 197 "-" "Mozilla/5.0 (X11; Linux x86_64) AppleWebKit/537.36 (KHTML, like Gecko) Chrome/81.0.4044.129 Safari/537.36"
136.144.19.175 - - [02/Nov/2024:19:20:14 +0000] "GET /private/.env HTTP/1.1" 404 197 "-" "Mozilla/5.0 (X11; Linux x86_64) AppleWebKit/537.36 (KHTML, like Gecko) Chrome/81.0.4044.129 Safari/537.36"
136.144.19.175 - - [02/Nov/2024:19:20:14 +0000] "POST /private/.env HTTP/1.1" 404 197 "-" "Mozilla/5.0 (X11; Linux x86_64) AppleWebKit/537.36 (KHTML, like Gecko) Chrome/81.0.4044.129 Safari/537.36"
136.144.19.175 - - [02/Nov/2024:19:20:17 +0000] "GET /secure/.env HTTP/1.1" 404 197 "-" "Mozilla/5.0 (X11; Linux x86_64) AppleWebKit/537.36 (KHTML, like Gecko) Chrome/81.0.4044.129 Safari/537.36"
136.144.19.175 - - [02/Nov/2024:19:20:18 +0000] "POST /secure/.env HTTP/1.1" 404 197 "-" "Mozilla/5.0 (X11; Linux x86_64) AppleWebKit/537.36 (KHTML, like Gecko) Chrome/81.0.4044.129 Safari/537.36"
136.144.19.175 - - [02/Nov/2024:19:20:21 +0000] "GET /app/env/.env HTTP/1.1" 404 197 "-" "Mozilla/5.0 (X11; Linux x86_64) AppleWebKit/537.36 (KHTML, like Gecko) Chrome/81.0.4044.129 Safari/537.36"
136.144.19.175 - - [02/Nov/2024:19:20:21 +0000] "POST /app/env/.env HTTP/1.1" 404 197 "-" "Mozilla/5.0 (X11; Linux x86_64) AppleWebKit/537.36 (KHTML, like Gecko) Chrome/81.0.4044.129 Safari/537.36"
136.144.19.175 - - [02/Nov/2024:19:20:24 +0000] "GET /website/.env HTTP/1.1" 404 197 "-" "Mozilla/5.0 (X11; Linux x86_64) AppleWebKit/537.36 (KHTML, like Gecko) Chrome/81.0.4044.129 Safari/537.36"
136.144.19.175 - - [02/Nov/2024:19:20:25 +0000] "POST /website/.env HTTP/1.1" 404 197 "-" "Mozilla/5.0 (X11; Linux x86_64) AppleWebKit/537.36 (KHTML, like Gecko) Chrome/81.0.4044.129 Safari/537.36"
136.144.19.175 - - [02/Nov/2024:19:20:29 +0000] "GET /auth/.env HTTP/1.1" 404 197 "-" "Mozilla/5.0 (X11; Linux x86_64) AppleWebKit/537.36 (KHTML, like Gecko) Chrome/81.0.4044.129 Safari/537.36"
136.144.19.175 - - [02/Nov/2024:19:20:29 +0000] "POST /auth/.env HTTP/1.1" 404 197 "-" "Mozilla/5.0 (X11; Linux x86_64) AppleWebKit/537.36 (KHTML, like Gecko) Chrome/81.0.4044.129 Safari/537.36"
136.144.19.175 - - [02/Nov/2024:19:20:32 +0000] "GET /auth/config/.env HTTP/1.1" 404 197 "-" "Mozilla/5.0 (X11; Linux x86_64) AppleWebKit/537.36 (KHTML, like Gecko) Chrome/81.0.4044.129 Safari/537.36"
136.144.19.175 - - [02/Nov/2024:19:20:32 +0000] "POST /auth/config/.env HTTP/1.1" 404 197 "-" "Mozilla/5.0 (X11; Linux x86_64) AppleWebKit/537.36 (KHTML, like Gecko) Chrome/81.0.4044.129 Safari/537.36"
147.185.132.18 - - [02/Nov/2024:19:25:22 +0000] "GET / HTTP/1.0" 200 612 "-" "Expanse, a Palo Alto Networks company, searches across the global IPv4 space multiple times per day to identify customers&#39; presences on the Internet. If you would like to be excluded from our scans, please send IP addresses/domains to: scaninfo@paloaltonetworks.com"
94.72.101.21 - - [02/Nov/2024:19:29:28 +0000] "GET /config/database/src/Dockerfile HTTP/1.1" 404 564 "-" "Mozilla/5.0 (Macintosh; Intel Mac OS X 10_12_3) AppleWebKit/537.36 (KHTML, like Gecko) Chrome/56.0.2924.87 Safari/537.36"
94.72.101.21 - - [02/Nov/2024:19:29:28 +0000] "GET /config/aws/prod/config.json HTTP/1.1" 404 564 "-" "Mozilla/5.0 (Macintosh; Intel Mac OS X 10_12_3) AppleWebKit/537.36 (KHTML, like Gecko) Chrome/56.0.2924.87 Safari/537.36"
94.72.101.21 - - [02/Nov/2024:19:29:28 +0000] "GET /data/etl_jobs/v1/index.js HTTP/1.1" 404 564 "-" "Mozilla/5.0 (Macintosh; Intel Mac OS X 10_12_3) AppleWebKit/537.36 (KHTML, like Gecko) Chrome/56.0.2924.87 Safari/537.36"
94.72.101.21 - - [02/Nov/2024:19:29:29 +0000] "GET /compliance/reports/dev/main.js HTTP/1.1" 404 564 "-" "Mozilla/5.0 (Macintosh; Intel Mac OS X 10_12_3) AppleWebKit/537.36 (KHTML, like Gecko) Chrome/56.0.2924.87 Safari/537.36"
94.72.101.21 - - [02/Nov/2024:19:29:29 +0000] "GET /backend/express/v1/deployment.yaml HTTP/1.1" 404 564 "-" "Mozilla/5.0 (Macintosh; Intel Mac OS X 10_12_3) AppleWebKit/537.36 (KHTML, like Gecko) Chrome/56.0.2924.87 Safari/537.36"
94.72.101.21 - - [02/Nov/2024:19:29:29 +0000] "GET /data/etl_jobs/v2/requirements.txt HTTP/1.1" 404 564 "-" "Mozilla/5.0 (Macintosh; Intel Mac OS X 10_12_3) AppleWebKit/537.36 (KHTML, like Gecko) Chrome/56.0.2924.87 Safari/537.36"
94.72.101.21 - - [02/Nov/2024:19:29:29 +0000] "GET /microservices/user-service/prod/Dockerfile HTTP/1.1" 404 564 "-" "Mozilla/5.0 (Macintosh; Intel Mac OS X 10_12_3) AppleWebKit/537.36 (KHTML, like Gecko) Chrome/56.0.2924.87 Safari/537.36"
94.72.101.21 - - [02/Nov/2024:19:29:29 +0000] "GET /backend/fastapi/src/swagger.json HTTP/1.1" 404 564 "-" "Mozilla/5.0 (Macintosh; Intel Mac OS X 10_12_3) AppleWebKit/537.36 (KHTML, like Gecko) Chrome/56.0.2924.87 Safari/537.36"
94.72.101.21 - - [02/Nov/2024:19:29:30 +0000] "GET /config/azure/dist/service.yaml HTTP/1.1" 404 564 "-" "Mozilla/5.0 (Macintosh; Intel Mac OS X 10_12_3) AppleWebKit/537.36 (KHTML, like Gecko) Chrome/56.0.2924.87 Safari/537.36"
94.72.101.21 - - [02/Nov/2024:19:29:30 +0000] "GET /frontend/svelte-app/dev/deployment.yaml HTTP/1.1" 404 564 "-" "Mozilla/5.0 (Macintosh; Intel Mac OS X 10_12_3) AppleWebKit/537.36 (KHTML, like Gecko) Chrome/56.0.2924.87 Safari/537.36"
94.72.101.21 - - [02/Nov/2024:19:29:30 +0000] "GET /audit/logs/v1/setup.py HTTP/1.1" 404 564 "-" "Mozilla/5.0 (Macintosh; Intel Mac OS X 10_12_3) AppleWebKit/537.36 (KHTML, like Gecko) Chrome/56.0.2924.87 Safari/537.36"
94.72.101.21 - - [02/Nov/2024:19:29:31 +0000] "GET /docs/readme/v2/.env HTTP/1.1" 404 564 "-" "Mozilla/5.0 (Macintosh; Intel Mac OS X 10_12_3) AppleWebKit/537.36 (KHTML, like Gecko) Chrome/56.0.2924.87 Safari/537.36"
94.72.101.21 - - [02/Nov/2024:19:29:31 +0000] "GET /ci-cd/gitlab/v2/Dockerfile HTTP/1.1" 404 564 "-" "Mozilla/5.0 (Macintosh; Intel Mac OS X 10_12_3) AppleWebKit/537.36 (KHTML, like Gecko) Chrome/56.0.2924.87 Safari/537.36"
94.72.101.21 - - [02/Nov/2024:19:29:31 +0000] "GET /data_sources/dev/requirements.txt HTTP/1.1" 404 564 "-" "Mozilla/5.0 (Macintosh; Intel Mac OS X 10_12_3) AppleWebKit/537.36 (KHTML, like Gecko) Chrome/56.0.2924.87 Safari/537.36"
